// Vitest Snapshot v1, https://vitest.dev/guide/snapshot.html

exports[`권한 테이블 무결성 > 전체 역할 × 권한 결과 스냅샷 1`] = `
[
  {
    "allowed": [
      "artist",
      "displayMember",
      "displayOwner",
      "qnaManager",
      "artworkCreator",
      "artworkCollaborator",
      "personalArtworkOwner",
    ],
    "condition": "작가 인증",
    "permission": "display:create",
    "when": null,
  },
  {
    "allowed": [
      "displayOwner",
    ],
    "condition": "작가 인증 && 전시 소유자",
    "permission": "display:edit",
    "when": null,
  },
  {
    "allowed": [
      "displayOwner",
    ],
    "condition": "작가 인증 && 전시 소유자",
    "permission": "display:delete",
    "when": null,
  },
  {
    "allowed": [
      "displayOwner",
    ],
    "condition": "작가 인증 && 전시 소유자",
    "permission": "displayContent:createCategory",
    "when": null,
  },
  {
    "allowed": [
      "displayOwner",
    ],
    "condition": "작가 인증 && 전시 소유자",
    "permission": "displayContent:editCategory",
    "when": null,
  },
  {
    "allowed": [
      "displayOwner",
    ],
    "condition": "작가 인증 && 전시 소유자",
    "permission": "displayContent:deleteCategory",
    "when": null,
  },
  {
    "allowed": [
      "displayOwner",
    ],
    "condition": "작가 인증 && 전시 소유자",
    "permission": "displayContent:createContent",
    "when": null,
  },
  {
    "allowed": [
      "displayOwner",
    ],
    "condition": "작가 인증 && 전시 소유자",
    "permission": "displayContent:editContent",
    "when": null,
  },
  {
    "allowed": [
      "displayOwner",
    ],
    "condition": "작가 인증 && 전시 소유자",
    "permission": "displayContent:deleteContent",
    "when": null,
  },
  {
    "allowed": [
      "displayOwner",
    ],
    "condition": "작가 인증 && 전시 소유자",
    "permission": "displayContent:reorder",
    "when": null,
  },
  {
    "allowed": [
      "displayOwner",
    ],
    "condition": "작가 인증 && 전시 소유자",
    "permission": "displayInvitation:create",
    "when": null,
  },
  {
    "allowed": [
      "displayMember",
      "displayOwner",
      "qnaManager",
      "artworkCreator",
      "artworkCollaborator",
    ],
    "condition": "작가 인증 && 전시 소속인",
    "permission": "artwork:create",
    "when": null,
  },
  {
    "allowed": [
      "artworkCreator",
      "artworkCollaborator",
    ],
    "condition": "전시 소속인 && (작품 생성자 || 공동작업자)",
    "permission": "artwork:edit",
    "when": null,
  },
  {
    "allowed": [
      "artworkCreator",
      "artworkCollaborator",
    ],
    "condition": "전시 소속인 && (작품 생성자 || 공동작업자)",
    "permission": "artwork:delete",
    "when": null,
  },
  {
    "allowed": [
      "displayOwner",
    ],
    "condition": "작가 인증 && 전시 소유자",
    "permission": "artwork:reorder",
    "when": null,
  },
  {
    "allowed": [
      "guest",
      "member",
      "author",
      "replyAuthor",
      "artist",
      "displayMember",
      "displayOwner",
      "qnaManager",
      "artworkCreator",
      "artworkCollaborator",
      "personalArtworkOwner",
      "archiveOwner",
    ],
    "condition": "공개 질문은 누구나",
    "permission": "question:view",
    "when": {
      "isPrivate": false,
    },
  },
  {
    "allowed": [
      "author",
      "displayMember",
      "displayOwner",
      "qnaManager",
      "artworkCreator",
      "artworkCollaborator",
    ],
    "condition": "비공개: 질문 쓴 사람 || (작가 인증 && 전시 소속인)",
    "permission": "question:view",
    "when": {
      "isPrivate": true,
    },
  },
  {
    "allowed": [
      "member",
      "author",
      "replyAuthor",
      "artist",
      "displayMember",
      "displayOwner",
      "qnaManager",
      "artworkCreator",
      "artworkCollaborator",
      "personalArtworkOwner",
      "archiveOwner",
    ],
    "condition": "회원",
    "permission": "question:create",
    "when": null,
  },
  {
    "allowed": [
      "author",
      "displayOwner",
    ],
    "condition": "질문 쓴 사람 || (작가 인증 && 전시 소유자)",
    "permission": "question:delete",
    "when": null,
  },
  {
    "allowed": [
      "member",
      "author",
      "replyAuthor",
      "artist",
      "displayMember",
      "displayOwner",
      "qnaManager",
      "artworkCreator",
      "artworkCollaborator",
      "personalArtworkOwner",
      "archiveOwner",
    ],
    "condition": "회원",
    "permission": "question:like",
    "when": null,
  },
  {
    "allowed": [
      "member",
      "author",
      "replyAuthor",
      "artist",
      "displayMember",
      "displayOwner",
      "qnaManager",
      "artworkCreator",
      "artworkCollaborator",
      "personalArtworkOwner",
      "archiveOwner",
    ],
    "condition": "회원",
    "permission": "question:unlike",
    "when": null,
  },
  {
    "allowed": [
      "guest",
      "member",
      "author",
      "replyAuthor",
      "artist",
      "displayMember",
      "displayOwner",
      "qnaManager",
      "artworkCreator",
      "artworkCollaborator",
      "personalArtworkOwner",
      "archiveOwner",
    ],
    "condition": "공개 질문의 답변은 누구나",
    "permission": "question:reply.view",
    "when": {
      "isPrivate": false,
    },
  },
  {
    "allowed": [
      "author",
      "displayMember",
      "displayOwner",
      "qnaManager",
      "artworkCreator",
      "artworkCollaborator",
    ],
    "condition": "비공개: 질문 쓴 사람 || (작가 인증 && 전시 소속인)",
    "permission": "question:reply.view",
    "when": {
      "isPrivate": true,
    },
  },
  {
    "allowed": [
      "displayOwner",
      "qnaManager",
    ],
    "condition": "작가 인증 && (전시 소유자 || (전시 소속인 && QnA 담당자))",
    "permission": "question:reply.create",
    "when": null,
  },
  {
    "allowed": [
      "member",
      "author",
      "replyAuthor",
      "artist",
      "displayMember",
      "displayOwner",
      "qnaManager",
      "artworkCreator",
      "artworkCollaborator",
      "personalArtworkOwner",
      "archiveOwner",
    ],
    "condition": "회원",
    "permission": "question:reply.like",
    "when": null,
  },
  {
    "allowed": [
      "member",
      "author",
      "replyAuthor",
      "artist",
      "displayMember",
      "displayOwner",
      "qnaManager",
      "artworkCreator",
      "artworkCollaborator",
      "personalArtworkOwner",
      "archiveOwner",
    ],
    "condition": "회원",
    "permission": "question:reply.unlike",
    "when": null,
  },
  {
    "allowed": [
      "replyAuthor",
      "displayOwner",
    ],
    "condition": "응답 쓴 사람 || (작가 인증 && 전시 소유자)",
    "permission": "question:reply.delete",
    "when": null,
  },
  {
    "allowed": [
      "member",
      "author",
      "replyAuthor",
      "artist",
      "displayMember",
      "displayOwner",
      "qnaManager",
      "artworkCreator",
      "artworkCollaborator",
      "personalArtworkOwner",
      "archiveOwner",
    ],
    "condition": "회원",
    "permission": "feeling:create",
    "when": null,
  },
  {
    "allowed": [
      "author",
      "displayOwner",
    ],
    "condition": "쓴 사람 || (작가 인증 && 전시 소유자)",
    "permission": "feeling:delete",
    "when": null,
  },
  {
    "allowed": [
      "member",
      "author",
      "replyAuthor",
      "artist",
      "displayMember",
      "displayOwner",
      "qnaManager",
      "artworkCreator",
      "artworkCollaborator",
      "personalArtworkOwner",
      "archiveOwner",
    ],
    "condition": "회원",
    "permission": "feeling:like",
    "when": null,
  },
  {
    "allowed": [
      "member",
      "author",
      "replyAuthor",
      "artist",
      "displayMember",
      "displayOwner",
      "qnaManager",
      "artworkCreator",
      "artworkCollaborator",
      "personalArtworkOwner",
      "archiveOwner",
    ],
    "condition": "회원",
    "permission": "feeling:unlike",
    "when": null,
  },
  {
    "allowed": [
      "member",
      "author",
      "replyAuthor",
      "artist",
      "displayMember",
      "displayOwner",
      "qnaManager",
      "artworkCreator",
      "artworkCollaborator",
      "personalArtworkOwner",
      "archiveOwner",
    ],
    "condition": "회원",
    "permission": "feeling:reply.create",
    "when": null,
  },
  {
    "allowed": [
      "member",
      "author",
      "replyAuthor",
      "artist",
      "displayMember",
      "displayOwner",
      "qnaManager",
      "artworkCreator",
      "artworkCollaborator",
      "personalArtworkOwner",
      "archiveOwner",
    ],
    "condition": "회원",
    "permission": "feeling:reply.like",
    "when": null,
  },
  {
    "allowed": [
      "member",
      "author",
      "replyAuthor",
      "artist",
      "displayMember",
      "displayOwner",
      "qnaManager",
      "artworkCreator",
      "artworkCollaborator",
      "personalArtworkOwner",
      "archiveOwner",
    ],
    "condition": "회원",
    "permission": "feeling:reply.unlike",
    "when": null,
  },
  {
    "allowed": [
      "replyAuthor",
      "displayOwner",
    ],
    "condition": "응답 쓴 사람 || (작가 인증 && 전시 소유자)",
    "permission": "feeling:reply.delete",
    "when": null,
  },
  {
    "allowed": [
      "member",
      "author",
      "replyAuthor",
      "artist",
      "displayMember",
      "displayOwner",
      "qnaManager",
      "artworkCreator",
      "artworkCollaborator",
      "personalArtworkOwner",
      "archiveOwner",
    ],
    "condition": "회원",
    "permission": "displayReview:create",
    "when": null,
  },
  {
    "allowed": [
      "author",
      "displayOwner",
    ],
    "condition": "쓴 사람 || (작가 인증 && 전시 소유자)",
    "permission": "displayReview:delete",
    "when": null,
  },
  {
    "allowed": [
      "member",
      "author",
      "replyAuthor",
      "artist",
      "displayMember",
      "displayOwner",
      "qnaManager",
      "artworkCreator",
      "artworkCollaborator",
      "personalArtworkOwner",
      "archiveOwner",
    ],
    "condition": "회원",
    "permission": "displayReview:like",
    "when": null,
  },
  {
    "allowed": [
      "member",
      "author",
      "replyAuthor",
      "artist",
      "displayMember",
      "displayOwner",
      "qnaManager",
      "artworkCreator",
      "artworkCollaborator",
      "personalArtworkOwner",
      "archiveOwner",
    ],
    "condition": "회원",
    "permission": "displayReview:unlike",
    "when": null,
  },
  {
    "allowed": [
      "member",
      "author",
      "replyAuthor",
      "artist",
      "displayMember",
      "displayOwner",
      "qnaManager",
      "artworkCreator",
      "artworkCollaborator",
      "personalArtworkOwner",
      "archiveOwner",
    ],
    "condition": "회원",
    "permission": "displayReview:reply.create",
    "when": null,
  },
  {
    "allowed": [
      "member",
      "author",
      "replyAuthor",
      "artist",
      "displayMember",
      "displayOwner",
      "qnaManager",
      "artworkCreator",
      "artworkCollaborator",
      "personalArtworkOwner",
      "archiveOwner",
    ],
    "condition": "회원",
    "permission": "displayReview:reply.like",
    "when": null,
  },
  {
    "allowed": [
      "member",
      "author",
      "replyAuthor",
      "artist",
      "displayMember",
      "displayOwner",
      "qnaManager",
      "artworkCreator",
      "artworkCollaborator",
      "personalArtworkOwner",
      "archiveOwner",
    ],
    "condition": "회원",
    "permission": "displayReview:reply.unlike",
    "when": null,
  },
  {
    "allowed": [
      "replyAuthor",
      "displayOwner",
    ],
    "condition": "응답 쓴 사람 || (작가 인증 && 전시 소유자)",
    "permission": "displayReview:reply.delete",
    "when": null,
  },
  {
    "allowed": [
      "artist",
      "displayMember",
      "displayOwner",
      "qnaManager",
      "artworkCreator",
      "artworkCollaborator",
      "personalArtworkOwner",
    ],
    "condition": "작가 인증",
    "permission": "personalArtwork:create",
    "when": null,
  },
  {
    "allowed": [
      "personalArtworkOwner",
    ],
    "condition": "작가 인증 && 작품 만든 사람",
    "permission": "personalArtwork:edit",
    "when": null,
  },
  {
    "allowed": [
      "personalArtworkOwner",
    ],
    "condition": "작가 인증 && 작품 만든 사람",
    "permission": "personalArtwork:delete",
    "when": null,
  },
  {
    "allowed": [
      "member",
      "author",
      "replyAuthor",
      "artist",
      "displayMember",
      "displayOwner",
      "qnaManager",
      "artworkCreator",
      "artworkCollaborator",
      "personalArtworkOwner",
      "archiveOwner",
    ],
    "condition": "회원",
    "permission": "personalArtwork:like",
    "when": null,
  },
  {
    "allowed": [
      "member",
      "author",
      "replyAuthor",
      "artist",
      "displayMember",
      "displayOwner",
      "qnaManager",
      "artworkCreator",
      "artworkCollaborator",
      "personalArtworkOwner",
      "archiveOwner",
    ],
    "condition": "회원",
    "permission": "personalArtwork:unlike",
    "when": null,
  },
  {
    "allowed": [
      "guest",
      "member",
      "author",
      "replyAuthor",
      "artist",
      "displayMember",
      "displayOwner",
      "qnaManager",
      "artworkCreator",
      "artworkCollaborator",
      "personalArtworkOwner",
      "archiveOwner",
    ],
    "condition": "공개 질문은 누구나",
    "permission": "personalQuestion:view",
    "when": {
      "isPrivate": false,
    },
  },
  {
    "allowed": [
      "author",
      "personalArtworkOwner",
    ],
    "condition": "비공개: 질문 쓴 사람 || (작가 인증 && 작품 만든 사람)",
    "permission": "personalQuestion:view",
    "when": {
      "isPrivate": true,
    },
  },
  {
    "allowed": [
      "member",
      "author",
      "replyAuthor",
      "artist",
      "displayMember",
      "displayOwner",
      "qnaManager",
      "artworkCreator",
      "artworkCollaborator",
      "personalArtworkOwner",
      "archiveOwner",
    ],
    "condition": "회원",
    "permission": "personalQuestion:create",
    "when": null,
  },
  {
    "allowed": [
      "author",
      "personalArtworkOwner",
    ],
    "condition": "질문 쓴 사람 || (작가 인증 && 작품 만든 사람)",
    "permission": "personalQuestion:delete",
    "when": null,
  },
  {
    "allowed": [
      "author",
      "personalArtworkOwner",
    ],
    "condition": "비공개: 질문 쓴 사람 || (작가 인증 && 작품 만든 사람)",
    "permission": "personalQuestion:reply.view",
    "when": {
      "isPrivate": true,
    },
  },
  {
    "allowed": [
      "personalArtworkOwner",
    ],
    "condition": "작가 인증 && 작품 만든 사람",
    "permission": "personalQuestion:reply.create",
    "when": null,
  },
  {
    "allowed": [
      "member",
      "author",
      "replyAuthor",
      "artist",
      "displayMember",
      "displayOwner",
      "qnaManager",
      "artworkCreator",
      "artworkCollaborator",
      "personalArtworkOwner",
      "archiveOwner",
    ],
    "condition": "회원",
    "permission": "personalQuestion:reply.like",
    "when": null,
  },
  {
    "allowed": [
      "member",
      "author",
      "replyAuthor",
      "artist",
      "displayMember",
      "displayOwner",
      "qnaManager",
      "artworkCreator",
      "artworkCollaborator",
      "personalArtworkOwner",
      "archiveOwner",
    ],
    "condition": "회원",
    "permission": "personalQuestion:reply.unlike",
    "when": null,
  },
  {
    "allowed": [
      "replyAuthor",
    ],
    "condition": "응답 쓴 사람",
    "permission": "personalQuestion:reply.delete",
    "when": null,
  },
  {
    "allowed": [
      "member",
      "author",
      "replyAuthor",
      "artist",
      "displayMember",
      "displayOwner",
      "qnaManager",
      "artworkCreator",
      "artworkCollaborator",
      "personalArtworkOwner",
      "archiveOwner",
    ],
    "condition": "회원",
    "permission": "personalFeeling:create",
    "when": null,
  },
  {
    "allowed": [
      "author",
      "personalArtworkOwner",
    ],
    "condition": "쓴 사람 || (작가 인증 && 작품 만든 사람)",
    "permission": "personalFeeling:delete",
    "when": null,
  },
  {
    "allowed": [
      "member",
      "author",
      "replyAuthor",
      "artist",
      "displayMember",
      "displayOwner",
      "qnaManager",
      "artworkCreator",
      "artworkCollaborator",
      "personalArtworkOwner",
      "archiveOwner",
    ],
    "condition": "회원",
    "permission": "personalFeeling:like",
    "when": null,
  },
  {
    "allowed": [
      "member",
      "author",
      "replyAuthor",
      "artist",
      "displayMember",
      "displayOwner",
      "qnaManager",
      "artworkCreator",
      "artworkCollaborator",
      "personalArtworkOwner",
      "archiveOwner",
    ],
    "condition": "회원",
    "permission": "personalFeeling:unlike",
    "when": null,
  },
  {
    "allowed": [
      "member",
      "author",
      "replyAuthor",
      "artist",
      "displayMember",
      "displayOwner",
      "qnaManager",
      "artworkCreator",
      "artworkCollaborator",
      "personalArtworkOwner",
      "archiveOwner",
    ],
    "condition": "회원",
    "permission": "personalFeeling:reply.create",
    "when": null,
  },
  {
    "allowed": [
      "member",
      "author",
      "replyAuthor",
      "artist",
      "displayMember",
      "displayOwner",
      "qnaManager",
      "artworkCreator",
      "artworkCollaborator",
      "personalArtworkOwner",
      "archiveOwner",
    ],
    "condition": "회원",
    "permission": "personalFeeling:reply.like",
    "when": null,
  },
  {
    "allowed": [
      "member",
      "author",
      "replyAuthor",
      "artist",
      "displayMember",
      "displayOwner",
      "qnaManager",
      "artworkCreator",
      "artworkCollaborator",
      "personalArtworkOwner",
      "archiveOwner",
    ],
    "condition": "회원",
    "permission": "personalFeeling:reply.unlike",
    "when": null,
  },
  {
    "allowed": [
      "replyAuthor",
      "personalArtworkOwner",
    ],
    "condition": "응답 쓴 사람 || (작가 인증 && 작품 만든 사람)",
    "permission": "personalFeeling:reply.delete",
    "when": null,
  },
  {
    "allowed": [
      "guest",
      "member",
      "author",
      "replyAuthor",
      "artist",
      "displayMember",
      "displayOwner",
      "qnaManager",
      "artworkCreator",
      "artworkCollaborator",
      "personalArtworkOwner",
      "archiveOwner",
    ],
    "condition": "전시 후기 · 전시 장소 대여 게시판은 누구나",
    "permission": "loungePost:view",
    "when": {
      "isArtistOnlyBoard": false,
    },
  },
  {
    "allowed": [
      "artist",
      "displayMember",
      "displayOwner",
      "qnaManager",
      "artworkCreator",
      "artworkCollaborator",
      "personalArtworkOwner",
    ],
    "condition": "전시 준비·작업 팁 · 모집·협업 게시판은 작가 인증",
    "permission": "loungePost:view",
    "when": {
      "isArtistOnlyBoard": true,
    },
  },
  {
    "allowed": [
      "member",
      "author",
      "replyAuthor",
      "artist",
      "displayMember",
      "displayOwner",
      "qnaManager",
      "artworkCreator",
      "artworkCollaborator",
      "personalArtworkOwner",
      "archiveOwner",
    ],
    "condition": "회원",
    "permission": "loungePost:create",
    "when": null,
  },
  {
    "allowed": [
      "author",
    ],
    "condition": "작성한 사람",
    "permission": "loungePost:edit",
    "when": null,
  },
  {
    "allowed": [
      "author",
    ],
    "condition": "작성한 사람",
    "permission": "loungePost:delete",
    "when": null,
  },
  {
    "allowed": [
      "member",
      "author",
      "replyAuthor",
      "artist",
      "displayMember",
      "displayOwner",
      "qnaManager",
      "artworkCreator",
      "artworkCollaborator",
      "personalArtworkOwner",
      "archiveOwner",
    ],
    "condition": "회원",
    "permission": "loungePost:like",
    "when": null,
  },
  {
    "allowed": [
      "member",
      "author",
      "replyAuthor",
      "artist",
      "displayMember",
      "displayOwner",
      "qnaManager",
      "artworkCreator",
      "artworkCollaborator",
      "personalArtworkOwner",
      "archiveOwner",
    ],
    "condition": "회원",
    "permission": "loungePost:unlike",
    "when": null,
  },
  {
    "allowed": [
      "member",
      "author",
      "replyAuthor",
      "artist",
      "displayMember",
      "displayOwner",
      "qnaManager",
      "artworkCreator",
      "artworkCollaborator",
      "personalArtworkOwner",
      "archiveOwner",
    ],
    "condition": "회원",
    "permission": "loungePost:scrap",
    "when": null,
  },
  {
    "allowed": [
      "member",
      "author",
      "replyAuthor",
      "artist",
      "displayMember",
      "displayOwner",
      "qnaManager",
      "artworkCreator",
      "artworkCollaborator",
      "personalArtworkOwner",
      "archiveOwner",
    ],
    "condition": "회원",
    "permission": "loungeComment:create",
    "when": null,
  },
  {
    "allowed": [
      "author",
    ],
    "condition": "작성한 사람",
    "permission": "loungeComment:delete",
    "when": null,
  },
  {
    "allowed": [
      "member",
      "author",
      "replyAuthor",
      "artist",
      "displayMember",
      "displayOwner",
      "qnaManager",
      "artworkCreator",
      "artworkCollaborator",
      "personalArtworkOwner",
      "archiveOwner",
    ],
    "condition": "회원",
    "permission": "loungeComment:like",
    "when": null,
  },
  {
    "allowed": [
      "member",
      "author",
      "replyAuthor",
      "artist",
      "displayMember",
      "displayOwner",
      "qnaManager",
      "artworkCreator",
      "artworkCollaborator",
      "personalArtworkOwner",
      "archiveOwner",
    ],
    "condition": "회원",
    "permission": "loungeComment:unlike",
    "when": null,
  },
  {
    "allowed": [
      "member",
      "author",
      "replyAuthor",
      "artist",
      "displayMember",
      "displayOwner",
      "qnaManager",
      "artworkCreator",
      "artworkCollaborator",
      "personalArtworkOwner",
      "archiveOwner",
    ],
    "condition": "회원",
    "permission": "archive:create",
    "when": null,
  },
  {
    "allowed": [
      "member",
      "author",
      "replyAuthor",
      "artist",
      "displayMember",
      "displayOwner",
      "qnaManager",
      "artworkCreator",
      "artworkCollaborator",
      "personalArtworkOwner",
      "archiveOwner",
    ],
    "condition": "회원",
    "permission": "archive:delete",
    "when": null,
  },
  {
    "allowed": [
      "archiveOwner",
    ],
    "condition": "회원 && 내가 저장한 아카이브",
    "permission": "memo:view",
    "when": null,
  },
  {
    "allowed": [
      "archiveOwner",
    ],
    "condition": "회원 && 내가 저장한 아카이브",
    "permission": "memo:upsert",
    "when": null,
  },
  {
    "allowed": [
      "archiveOwner",
    ],
    "condition": "회원 && 내가 저장한 아카이브",
    "permission": "memo:delete",
    "when": null,
  },
  {
    "allowed": [
      "artist",
      "displayMember",
      "displayOwner",
      "qnaManager",
      "artworkCreator",
      "artworkCollaborator",
      "personalArtworkOwner",
    ],
    "condition": "작가 인증",
    "permission": "artist:view",
    "when": null,
  },
  {
    "allowed": [
      "displayMember",
      "displayOwner",
      "qnaManager",
      "artworkCreator",
      "artworkCollaborator",
    ],
    "condition": "작가 인증 && 전시 참여자",
    "permission": "displayArtistName:edit",
    "when": null,
  },
]
`;
